2026-01-15 08:01:12 200 GET /home ana sudeste
2026-01-15 08:01:45 200 GET /produtos bruno sul
2026-01-15 08:02:03 404 GET /promocao ana sudeste
2026-01-15 08:02:31 200 GET /produtos carla nordeste
2026-01-15 08:03:10 500 POST /checkout bruno sul
2026-01-15 08:03:55 200 GET /home diego sudeste
2026-01-15 08:04:20 200 GET /produtos ana sudeste
2026-01-15 08:05:02 200 POST /checkout carla nordeste
2026-01-15 08:05:47 404 GET /promocao diego sudeste
2026-01-15 08:06:19 200 GET /home bruno sul
2026-01-15 08:07:00 200 GET /produtos elaine sul
2026-01-15 08:07:41 500 POST /checkout diego sudeste
2026-01-15 08:08:12 200 GET /produtos ana sudeste
2026-01-15 08:08:59 200 GET /home carla nordeste
2026-01-15 08:09:33 200 POST /checkout elaine sul
2026-01-15 08:10:05 404 GET /promocao bruno sul
2026-01-15 08:10:48 200 GET /produtos diego sudeste
2026-01-15 08:11:22 200 GET /home ana sudeste
2026-01-15 08:12:01 200 GET /produtos carla nordeste
2026-01-15 08:12:44 500 POST /checkout elaine sul
