2026-01-15 08:01:12 200 GET /home usuario=ana regiao=sudeste dispositivo=mobile
2026-01-15 08:01:45 200 GET /produtos usuario=bruno regiao=sul dispositivo=desktop
2026-01-15 08:02:03 404 GET /promocao usuario=ana regiao=sudeste dispositivo=mobile
2026-01-15 08:02:31 200 GET /produtos usuario=carla regiao=nordeste dispositivo=mobile
2026-01-15 08:03:10 500 POST /checkout usuario=bruno regiao=sul dispositivo=desktop
2026-01-15 08:03:55 200 GET /home usuario=diego regiao=sudeste dispositivo=tablet
2026-01-15 08:04:20 200 GET /produtos usuario=ana regiao=sudeste dispositivo=mobile
2026-01-15 08:05:02 200 POST /checkout usuario=carla regiao=nordeste dispositivo=mobile
2026-01-15 08:05:47 404 GET /promocao usuario=diego regiao=sudeste dispositivo=tablet
2026-01-15 08:06:19 200 GET /home usuario=bruno regiao=sul dispositivo=desktop
2026-01-15 08:07:00 200 GET /produtos usuario=elaine regiao=sul dispositivo=mobile
2026-01-15 08:07:41 500 POST /checkout usuario=diego regiao=sudeste dispositivo=tablet
2026-01-15 08:08:12 200 GET /produtos usuario=ana regiao=sudeste dispositivo=mobile
2026-01-15 08:08:59 200 GET /home usuario=carla regiao=nordeste dispositivo=mobile
2026-01-15 08:09:33 200 POST /checkout usuario=elaine regiao=sul dispositivo=mobile
2026-01-15 08:10:05 404 GET /promocao usuario=bruno regiao=sul dispositivo=desktop
2026-01-15 08:10:48 200 GET /produtos usuario=diego regiao=sudeste dispositivo=tablet
2026-01-15 08:11:22 200 GET /home usuario=ana regiao=sudeste dispositivo=mobile
2026-01-15 08:12:01 200 GET /produtos usuario=carla regiao=nordeste dispositivo=mobile
2026-01-15 08:12:44 500 POST /checkout usuario=elaine regiao=sul dispositivo=mobile
2026-01-15 08:13:17 200 GET /home usuario=bruno regiao=sul dispositivo=desktop
2026-01-15 08:13:59 200 GET /produtos usuario=diego regiao=sudeste dispositivo=tablet
2026-01-15 08:14:30 404 GET /promocao usuario=carla regiao=nordeste dispositivo=mobile
2026-01-15 08:15:11 200 POST /checkout usuario=ana regiao=sudeste dispositivo=mobile
2026-01-15 08:15:52 200 GET /home usuario=elaine regiao=sul dispositivo=mobile
2026-01-15 08:16:28 200 GET /produtos usuario=bruno regiao=sul dispositivo=desktop
2026-01-15 08:17:09 200 GET /home usuario=diego regiao=sudeste dispositivo=tablet
2026-01-15 08:17:50 500 POST /checkout usuario=carla regiao=nordeste dispositivo=mobile
2026-01-15 08:18:33 200 GET /produtos usuario=ana regiao=sudeste dispositivo=mobile
2026-01-15 08:19:14 200 GET /home usuario=elaine regiao=sul dispositivo=mobile
